------------------------------------------------------------
Timing Analyzer Summary
------------------------------------------------------------

Type  : Slow 1200mV 85C Model Setup 'hclk'
Slack : -2.657
TNS   : -2.657

Type  : Slow 1200mV 85C Model Setup 'hreadyout_1'
Slack : -1.306
TNS   : -8.588

Type  : Slow 1200mV 85C Model Hold 'hclk'
Slack : 0.339
TNS   : 0.000

Type  : Slow 1200mV 85C Model Hold 'hreadyout_1'
Slack : 0.356
TNS   : 0.000

Type  : Slow 1200mV 85C Model Minimum Pulse Width 'hreadyout_1'
Slack : -3.000
TNS   : -17.030

Type  : Slow 1200mV 85C Model Minimum Pulse Width 'hclk'
Slack : -3.000
TNS   : -7.209

Type  : Slow 1200mV 0C Model Setup 'hclk'
Slack : -2.441
TNS   : -2.441

Type  : Slow 1200mV 0C Model Setup 'hreadyout_1'
Slack : -1.088
TNS   : -6.969

Type  : Slow 1200mV 0C Model Hold 'hclk'
Slack : 0.307
TNS   : 0.000

Type  : Slow 1200mV 0C Model Hold 'hreadyout_1'
Slack : 0.322
TNS   : 0.000

Type  : Slow 1200mV 0C Model Minimum Pulse Width 'hreadyout_1'
Slack : -3.000
TNS   : -17.030

Type  : Slow 1200mV 0C Model Minimum Pulse Width 'hclk'
Slack : -3.000
TNS   : -7.209

Type  : Fast 1200mV 0C Model Setup 'hclk'
Slack : -0.464
TNS   : -0.464

Type  : Fast 1200mV 0C Model Setup 'hreadyout_1'
Slack : 0.082
TNS   : 0.000

Type  : Fast 1200mV 0C Model Hold 'hclk'
Slack : 0.145
TNS   : 0.000

Type  : Fast 1200mV 0C Model Hold 'hreadyout_1'
Slack : 0.152
TNS   : 0.000

Type  : Fast 1200mV 0C Model Minimum Pulse Width 'hreadyout_1'
Slack : -3.000
TNS   : -16.834

Type  : Fast 1200mV 0C Model Minimum Pulse Width 'hclk'
Slack : -3.000
TNS   : -6.546

------------------------------------------------------------
