------------------------------------------------------------
Timing Analyzer Summary
------------------------------------------------------------

Type  : Slow 1200mV 85C Model Setup 'hclk'
Slack : -9.101
TNS   : -661.855

Type  : Slow 1200mV 85C Model Setup 'ahbslave:slave1|state.READ'
Slack : -2.050
TNS   : -15.253

Type  : Slow 1200mV 85C Model Setup 'ahbslave:slave2|state.READ'
Slack : -1.953
TNS   : -13.811

Type  : Slow 1200mV 85C Model Hold 'hclk'
Slack : -3.293
TNS   : -3.293

Type  : Slow 1200mV 85C Model Hold 'ahbslave:slave2|state.READ'
Slack : 1.301
TNS   : 0.000

Type  : Slow 1200mV 85C Model Hold 'ahbslave:slave1|state.READ'
Slack : 1.467
TNS   : 0.000

Type  : Slow 1200mV 85C Model Minimum Pulse Width 'hclk'
Slack : -3.000
TNS   : -236.134

Type  : Slow 1200mV 85C Model Minimum Pulse Width 'confirm'
Slack : -3.000
TNS   : -19.157

Type  : Slow 1200mV 85C Model Minimum Pulse Width 'ahbslave:slave1|state.READ'
Slack : 0.398
TNS   : 0.000

Type  : Slow 1200mV 85C Model Minimum Pulse Width 'ahbslave:slave2|state.READ'
Slack : 0.426
TNS   : 0.000

Type  : Slow 1200mV 0C Model Setup 'hclk'
Slack : -8.391
TNS   : -601.002

Type  : Slow 1200mV 0C Model Setup 'ahbslave:slave1|state.READ'
Slack : -1.938
TNS   : -14.499

Type  : Slow 1200mV 0C Model Setup 'ahbslave:slave2|state.READ'
Slack : -1.866
TNS   : -13.294

Type  : Slow 1200mV 0C Model Hold 'hclk'
Slack : -3.129
TNS   : -3.129

Type  : Slow 1200mV 0C Model Hold 'ahbslave:slave2|state.READ'
Slack : 1.248
TNS   : 0.000

Type  : Slow 1200mV 0C Model Hold 'ahbslave:slave1|state.READ'
Slack : 1.436
TNS   : 0.000

Type  : Slow 1200mV 0C Model Minimum Pulse Width 'hclk'
Slack : -3.000
TNS   : -234.888

Type  : Slow 1200mV 0C Model Minimum Pulse Width 'confirm'
Slack : -3.000
TNS   : -18.890

Type  : Slow 1200mV 0C Model Minimum Pulse Width 'ahbslave:slave2|state.READ'
Slack : 0.406
TNS   : 0.000

Type  : Slow 1200mV 0C Model Minimum Pulse Width 'ahbslave:slave1|state.READ'
Slack : 0.434
TNS   : 0.000

Type  : Fast 1200mV 0C Model Setup 'hclk'
Slack : -3.525
TNS   : -233.211

Type  : Fast 1200mV 0C Model Setup 'ahbslave:slave1|state.READ'
Slack : -0.097
TNS   : -0.252

Type  : Fast 1200mV 0C Model Setup 'ahbslave:slave2|state.READ'
Slack : -0.036
TNS   : -0.036

Type  : Fast 1200mV 0C Model Hold 'hclk'
Slack : -1.339
TNS   : -1.339

Type  : Fast 1200mV 0C Model Hold 'ahbslave:slave2|state.READ'
Slack : 0.186
TNS   : 0.000

Type  : Fast 1200mV 0C Model Hold 'ahbslave:slave1|state.READ'
Slack : 0.273
TNS   : 0.000

Type  : Fast 1200mV 0C Model Minimum Pulse Width 'hclk'
Slack : -3.000
TNS   : -206.740

Type  : Fast 1200mV 0C Model Minimum Pulse Width 'confirm'
Slack : -3.000
TNS   : -15.686

Type  : Fast 1200mV 0C Model Minimum Pulse Width 'ahbslave:slave1|state.READ'
Slack : 0.336
TNS   : 0.000

Type  : Fast 1200mV 0C Model Minimum Pulse Width 'ahbslave:slave2|state.READ'
Slack : 0.350
TNS   : 0.000

------------------------------------------------------------
